[orbax.readthedocs.io/en/latest/index.html]
[backblue.gif]
[fade.gif]
[index.html]
[orbax.readthedocs.io/en/latest/_static/styles/themee6c2.css]
[orbax.readthedocs.io/en/latest/_static/styles/bootstrape6c2.css]
[orbax.readthedocs.io/en/latest/_static/styles/pydata-sphinx-themee6c2.css]
[orbax.readthedocs.io/en/latest/_static/vendor/fontawesome/6.5.2/css/all.mine6c2.css]
[orbax.readthedocs.io/en/latest/_static/vendor/fontawesome/6.5.2/webfonts/fa-solid-900.woff2]
[orbax.readthedocs.io/en/latest/_static/vendor/fontawesome/6.5.2/webfonts/fa-brands-400.woff2]
[orbax.readthedocs.io/en/latest/_static/vendor/fontawesome/6.5.2/webfonts/fa-regular-400.woff2]
[orbax.readthedocs.io/en/latest/_static/pygments.css]
[orbax.readthedocs.io/en/latest/_static/styles/sphinx-book-theme.css]
[orbax.readthedocs.io/en/latest/_static/graphviz.css]
[orbax.readthedocs.io/en/latest/_static/mystnb.4510f1fc1dee50b3e5859aac5469c37c29e427902b24a333a5f9fcb2f0b3ac41.css]
[orbax.readthedocs.io/en/latest/_static/katex-math.css]
[orbax.readthedocs.io/en/latest/_static/sphinx-design.5ea377869091fd0449014c60fc090103.min.css]
[orbax.readthedocs.io/en/latest/_static/scripts/bootstrape6c2.js]
[orbax.readthedocs.io/en/latest/_static/scripts/pydata-sphinx-themee6c2.js]
[orbax.readthedocs.io/en/latest/_static/documentation_options.js]
[orbax.readthedocs.io/en/latest/_static/vendor/fontawesome/6.5.2/js/all.mine6c2.js]
[orbax.readthedocs.io/en/latest/_static/doctools.js]
[orbax.readthedocs.io/en/latest/_static/sphinx_highlight.js]
[orbax.readthedocs.io/en/latest/_static/scripts/sphinx-book-theme.js]
[orbax.readthedocs.io/en/latest/_static/auto-render.min.js]
[orbax.readthedocs.io/en/latest/_static/katex.min.js]
[orbax.readthedocs.io/en/latest/_static/katex_autorenderer.js]
[orbax.readthedocs.io/en/latest/_static/design-tabs.js]
[orbax.readthedocs.io/en/latest/genindex.html]
[orbax.readthedocs.io/en/latest/search.html]
[orbax.readthedocs.io/en/latest/orbax_checkpoint_announcements.html]
[orbax.readthedocs.io/en/latest/orbax_checkpoint_101.html]
[orbax.readthedocs.io/en/latest/orbax_checkpoint_api_overview.html]
[orbax.readthedocs.io/en/latest/api_refactor.html]
[orbax.readthedocs.io/en/latest/checkpointing_pytrees.html]
[orbax.readthedocs.io/en/latest/checkpoint_format.html]
[orbax.readthedocs.io/en/latest/optimized_checkpointing.html]
[orbax.readthedocs.io/en/latest/custom_handlers.html]
[orbax.readthedocs.io/en/latest/transformations.html]
[orbax.readthedocs.io/en/latest/preemption_checkpointing.html]
[orbax.readthedocs.io/en/latest/async_checkpointing.html]
[orbax.readthedocs.io/en/latest/api_reference/checkpoint.html]
[orbax.readthedocs.io/en/latest/api_reference/checkpoint.abstract_checkpoint_manager.html]
[orbax.readthedocs.io/en/latest/api_reference/checkpoint.checkpoint_manager.html]
[orbax.readthedocs.io/en/latest/api_reference/checkpoint.checkpointers.html]
[orbax.readthedocs.io/en/latest/api_reference/checkpoint.checkpoint_handlers.html]
[orbax.readthedocs.io/en/latest/api_reference/checkpoint.args.html]
[orbax.readthedocs.io/en/latest/api_reference/checkpoint.type_handlers.html]
[orbax.readthedocs.io/en/latest/api_reference/checkpoint.path.atomicity.html]
[orbax.readthedocs.io/en/latest/api_reference/checkpoint.path.step.html]
[orbax.readthedocs.io/en/latest/api_reference/checkpoint.path.deleter.html]
[orbax.readthedocs.io/en/latest/api_reference/checkpoint.checkpoint_utils.html]
[orbax.readthedocs.io/en/latest/api_reference/checkpoint.utils.html]
[orbax.readthedocs.io/en/latest/api_reference/checkpoint.transform_utils.html]
[orbax.readthedocs.io/en/latest/api_reference/checkpoint.msgpack_utils.html]
[orbax.readthedocs.io/en/latest/api_reference/checkpoint.multihost.html]
[orbax.readthedocs.io/en/latest/api_reference/checkpoint.tree.html]
[orbax.readthedocs.io/en/latest/api_reference/checkpoint.metadata.html]
[orbax.readthedocs.io/en/latest/api_reference/checkpoint.logging.html]
[orbax.readthedocs.io/en/latest/orbax_export_101.html]
[orbax.readthedocs.io/en/latest/api_reference/export.html]
[orbax.readthedocs.io/en/latest/api_reference/export.dtensor_utils.html]
[orbax.readthedocs.io/en/latest/api_reference/export.export_manager.html]
[orbax.readthedocs.io/en/latest/api_reference/export.export_manager_base.html]
[orbax.readthedocs.io/en/latest/api_reference/export.jax_module.html]
[orbax.readthedocs.io/en/latest/api_reference/export.serving_config.html]
[orbax.readthedocs.io/en/latest/api_reference/export.utils.html]
[orbax.readthedocs.io/en/latest/api_reference/export.validate.validation_manager.html]
[orbax.readthedocs.io/en/latest/api_reference/export.validate.validation_report.html]
[orbax.readthedocs.io/en/latest/contributors.html]
[orbax.readthedocs.io/en/latest/index.html]
[orbax.readthedocs.io/en/latest/_sources/index.rst]
[orbax.readthedocs.io/en/latest/_static/basic.css]
[orbax.readthedocs.io/en/latest/_static/styles/themee6c2.css]
[orbax.readthedocs.io/en/latest/_static/styles/bootstrape6c2.css]
[orbax.readthedocs.io/en/latest/_static/styles/pydata-sphinx-themee6c2.css]
[orbax.readthedocs.io/en/latest/_static/vendor/fontawesome/6.5.2/webfonts/fa-brands-400.ttf]
[orbax.readthedocs.io/en/latest/_static/vendor/fontawesome/6.5.2/webfonts/fa-regular-400.ttf]
[orbax.readthedocs.io/en/latest/_static/vendor/fontawesome/6.5.2/webfonts/fa-solid-900.ttf]
[orbax.readthedocs.io/en/latest/_static/vendor/fontawesome/6.5.2/webfonts/fa-v4compatibility.woff2]
[orbax.readthedocs.io/en/latest/_static/vendor/fontawesome/6.5.2/css/all.mine6c2.css]
[orbax.readthedocs.io/en/latest/_static/pygments.css]
[orbax.readthedocs.io/en/latest/_static/styles/sphinx-book-theme.css]
[orbax.readthedocs.io/en/latest/_static/graphviz.css]
[orbax.readthedocs.io/en/latest/_static/mystnb.4510f1fc1dee50b3e5859aac5469c37c29e427902b24a333a5f9fcb2f0b3ac41.css]
[orbax.readthedocs.io/en/latest/_static/katex-math.css]
[orbax.readthedocs.io/en/latest/_static/sphinx-design.5ea377869091fd0449014c60fc090103.min.css]
[orbax.readthedocs.io/en/latest/_static/vendor/fontawesome/6.5.2/webfonts/fa-v4compatibility.ttf]
[orbax.readthedocs.io/en/latest/index-2.html]
[orbax.readthedocs.io/en/latest/genindex.html]
[orbax.readthedocs.io/en/latest/_static/searchtools.js]
[orbax.readthedocs.io/en/latest/_static/language_data.js]
[orbax.readthedocs.io/en/latest/search.html]
[orbax.readthedocs.io/en/latest/searchindex.js]
[orbax.readthedocs.io/en/latest/_sources/orbax_checkpoint_announcements.md]
[orbax.readthedocs.io/en/latest/orbax_checkpoint_announcements.html]
[orbax.readthedocs.io/en/latest/_sources/orbax_checkpoint_101.ipynb]
[orbax.readthedocs.io/en/latest/orbax_checkpoint_101.html]
[orbax.readthedocs.io/en/latest/_sources/orbax_checkpoint_api_overview.ipynb]
[orbax.readthedocs.io/en/latest/orbax_checkpoint_api_overview.html]
[orbax.readthedocs.io/en/latest/_sources/api_refactor.ipynb]
[orbax.readthedocs.io/en/latest/api_refactor.html]
[orbax.readthedocs.io/en/latest/_sources/checkpointing_pytrees.ipynb]
[orbax.readthedocs.io/en/latest/checkpointing_pytrees.html]
[orbax.readthedocs.io/en/latest/_sources/checkpoint_format.ipynb]
[orbax.readthedocs.io/en/latest/checkpoint_format.html]
[orbax.readthedocs.io/en/latest/_sources/optimized_checkpointing.ipynb]
[orbax.readthedocs.io/en/latest/_static/checkpoint_benchmarks_save_ocdbt.png]
[orbax.readthedocs.io/en/latest/_static/checkpoint_benchmarks_restore_ocdbt.png]
[orbax.readthedocs.io/en/latest/optimized_checkpointing.html]
[orbax.readthedocs.io/en/latest/_sources/custom_handlers.ipynb]
[orbax.readthedocs.io/en/latest/custom_handlers.html]
[orbax.readthedocs.io/en/latest/_sources/transformations.ipynb]
[orbax.readthedocs.io/en/latest/transformations.html]
[orbax.readthedocs.io/en/latest/_sources/preemption_checkpointing.ipynb]
[orbax.readthedocs.io/en/latest/preemption_checkpointing.html]
[orbax.readthedocs.io/en/latest/_sources/async_checkpointing.ipynb]
[orbax.readthedocs.io/en/latest/async_checkpointing.html]
[orbax.readthedocs.io/en/latest/_sources/api_reference/checkpoint.rst]
[orbax.readthedocs.io/en/latest/api_reference/checkpoint.html]
[orbax.readthedocs.io/en/latest/_sources/api_reference/checkpoint.abstract_checkpoint_manager.rst]
[orbax.readthedocs.io/en/latest/_modules/orbax/checkpoint/abstract_checkpoint_manager.html]
[orbax.readthedocs.io/en/latest/api_reference/checkpoint.abstract_checkpoint_manager.html]
[orbax.readthedocs.io/en/latest/_sources/api_reference/checkpoint.checkpoint_manager.rst]
[orbax.readthedocs.io/en/latest/_modules/orbax/checkpoint/checkpoint_manager.html]
[orbax.readthedocs.io/en/latest/api_reference/checkpoint.checkpoint_manager.html]
[orbax.readthedocs.io/en/latest/_modules/orbax/checkpoint/options.html]
[orbax.readthedocs.io/en/latest/_sources/api_reference/checkpoint.checkpointers.rst]
[orbax.readthedocs.io/en/latest/_modules/orbax/checkpoint/abstract_checkpointer.html]
[orbax.readthedocs.io/en/latest/_modules/orbax/checkpoint/checkpointer.html]
[orbax.readthedocs.io/en/latest/_modules/orbax/checkpoint/async_checkpointer.html]
[orbax.readthedocs.io/en/latest/_modules/orbax/checkpoint/standard_checkpointer.html]
[orbax.readthedocs.io/en/latest/_modules/orbax/checkpoint/pytree_checkpointer.html]
[orbax.readthedocs.io/en/latest/api_reference/checkpoint.checkpointers.html]
[orbax.readthedocs.io/en/latest/_sources/api_reference/checkpoint.checkpoint_handlers.rst]
[orbax.readthedocs.io/en/latest/_modules/orbax/checkpoint/checkpoint_handler.html]
[orbax.readthedocs.io/en/latest/_modules/orbax/checkpoint/async_checkpoint_handler.html]
[orbax.readthedocs.io/en/latest/_modules/orbax/checkpoint/standard_checkpoint_handler.html]
[orbax.readthedocs.io/en/latest/_modules/orbax/checkpoint/pytree_checkpoint_handler.html]
[orbax.readthedocs.io/en/latest/_modules/orbax/checkpoint/composite_checkpoint_handler.html]
[orbax.readthedocs.io/en/latest/_modules/orbax/checkpoint/json_checkpoint_handler.html]
[orbax.readthedocs.io/en/latest/_modules/orbax/checkpoint/array_checkpoint_handler.html]
[orbax.readthedocs.io/en/latest/_modules/orbax/checkpoint/proto_checkpoint_handler.html]
[orbax.readthedocs.io/en/latest/api_reference/checkpoint.checkpoint_handlers.html]
[orbax.readthedocs.io/en/latest/_modules/orbax/checkpoint/random_key_checkpoint_handler.html]
[orbax.readthedocs.io/en/latest/_sources/api_reference/checkpoint.args.rst]
[orbax.readthedocs.io/en/latest/api_reference/checkpoint.args.html]
[orbax.readthedocs.io/en/latest/_modules/orbax/checkpoint/checkpoint_args.html]
[orbax.readthedocs.io/en/latest/_sources/api_reference/checkpoint.type_handlers.rst]
[orbax.readthedocs.io/en/latest/api_reference/checkpoint.type_handlers.html]
[orbax.readthedocs.io/en/latest/_modules/orbax/checkpoint/type_handlers.html]
[orbax.readthedocs.io/en/latest/_sources/api_reference/checkpoint.path.atomicity.rst]
[orbax.readthedocs.io/en/latest/_modules/orbax/checkpoint/path/atomicity.html]
[orbax.readthedocs.io/en/latest/api_reference/checkpoint.path.atomicity.html]
[orbax.readthedocs.io/en/latest/api_reference/api_reference/checkpoint.path.step]
[orbax.readthedocs.io/en/latest/_sources/api_reference/checkpoint.path.step.rst]
[orbax.readthedocs.io/en/latest/_modules/orbax/checkpoint/path/step.html]
[orbax.readthedocs.io/en/latest/api_reference/checkpoint.path.step.html]
[orbax.readthedocs.io/en/latest/_sources/api_reference/checkpoint.path.deleter.rst]
[orbax.readthedocs.io/en/latest/_modules/orbax/checkpoint/path/deleter.html]
[orbax.readthedocs.io/en/latest/api_reference/checkpoint.path.deleter.html]
[orbax.readthedocs.io/en/latest/_sources/api_reference/checkpoint.checkpoint_utils.rst]
[orbax.readthedocs.io/en/latest/api_reference/checkpoint.checkpoint_utils.html]
[orbax.readthedocs.io/en/latest/_modules/orbax/checkpoint/checkpoint_utils.html]
[orbax.readthedocs.io/en/latest/_sources/api_reference/checkpoint.utils.rst]
[orbax.readthedocs.io/en/latest/_modules/orbax/checkpoint/path/utils.html]
[orbax.readthedocs.io/en/latest/_modules/orbax/checkpoint/utils.html]
[orbax.readthedocs.io/en/latest/api_reference/checkpoint.utils.html]
[orbax.readthedocs.io/en/latest/_sources/api_reference/checkpoint.transform_utils.rst]
[orbax.readthedocs.io/en/latest/api_reference/checkpoint.transform_utils.html]
[orbax.readthedocs.io/en/latest/_modules/orbax/checkpoint/transform_utils.html]
[orbax.readthedocs.io/en/latest/_sources/api_reference/checkpoint.msgpack_utils.rst]
[orbax.readthedocs.io/en/latest/_modules/orbax/checkpoint/msgpack_utils.html]
[orbax.readthedocs.io/en/latest/api_reference/checkpoint.msgpack_utils.html]
[orbax.readthedocs.io/en/latest/_sources/api_reference/checkpoint.multihost.rst]
[orbax.readthedocs.io/en/latest/_modules/orbax/checkpoint/multihost/utils.html]
[orbax.readthedocs.io/en/latest/api_reference/checkpoint.multihost.html]
[orbax.readthedocs.io/en/latest/_sources/api_reference/checkpoint.tree.rst]
[orbax.readthedocs.io/en/latest/_modules/orbax/checkpoint/tree/utils.html]
[orbax.readthedocs.io/en/latest/api_reference/checkpoint.tree.html]
[orbax.readthedocs.io/en/latest/_sources/api_reference/checkpoint.metadata.rst]
[orbax.readthedocs.io/en/latest/_modules/orbax/checkpoint/metadata/value.html]
[orbax.readthedocs.io/en/latest/api_reference/checkpoint.metadata.html]
[orbax.readthedocs.io/en/latest/_modules/orbax/checkpoint/metadata/sharding.html]
[orbax.readthedocs.io/en/latest/_sources/api_reference/checkpoint.logging.rst]
[orbax.readthedocs.io/en/latest/api_reference/checkpoint.logging.html]
[orbax.readthedocs.io/en/latest/_sources/orbax_export_101.ipynb]
[orbax.readthedocs.io/en/latest/orbax_export_101.html]
[orbax.readthedocs.io/en/latest/_sources/api_reference/export.rst]
[orbax.readthedocs.io/en/latest/api_reference/export.html]
[orbax.readthedocs.io/en/latest/_sources/api_reference/export.dtensor_utils.rst]
[orbax.readthedocs.io/en/latest/api_reference/export.dtensor_utils.html]
[orbax.readthedocs.io/en/latest/_modules/orbax/export/dtensor_utils.html]
[orbax.readthedocs.io/en/latest/_sources/api_reference/export.export_manager.rst]
[orbax.readthedocs.io/en/latest/api_reference/export.export_manager.html]
[orbax.readthedocs.io/en/latest/_modules/orbax/export/export_manager.html]
[orbax.readthedocs.io/en/latest/_sources/api_reference/export.export_manager_base.rst]
[orbax.readthedocs.io/en/latest/_modules/orbax/export/export_manager_base.html]
[orbax.readthedocs.io/en/latest/api_reference/export.export_manager_base.html]
[orbax.readthedocs.io/en/latest/_sources/api_reference/export.jax_module.rst]
[orbax.readthedocs.io/en/latest/api_reference/export.jax_module.html]
[orbax.readthedocs.io/en/latest/_modules/orbax/export/jax_module.html]
[orbax.readthedocs.io/en/latest/_sources/api_reference/export.serving_config.rst]
[orbax.readthedocs.io/en/latest/_modules/orbax/export/serving_config.html]
[orbax.readthedocs.io/en/latest/api_reference/export.serving_config.html]
[orbax.readthedocs.io/en/latest/_sources/api_reference/export.utils.rst]
[orbax.readthedocs.io/en/latest/_modules/orbax/export/utils.html]
[orbax.readthedocs.io/en/latest/api_reference/export.utils.html]
[orbax.readthedocs.io/en/latest/_sources/api_reference/export.validate.validation_manager.rst]
[orbax.readthedocs.io/en/latest/_modules/orbax/export/validate/validation_manager.html]
[orbax.readthedocs.io/en/latest/api_reference/export.validate.validation_manager.html]
[orbax.readthedocs.io/en/latest/_sources/api_reference/export.validate.validation_report.rst]
[orbax.readthedocs.io/en/latest/api_reference/export.validate.validation_report.html]
[orbax.readthedocs.io/en/latest/_modules/orbax/export/validate/validation_report.html]
[orbax.readthedocs.io/en/latest/_sources/contributors.md]
[orbax.readthedocs.io/en/latest/contributors.html]
[orbax.readthedocs.io/en/latest/_static/file.png]
[orbax.readthedocs.io/en/latest/_static/basic.css]
[orbax.readthedocs.io/en/latest/index-2.html]
[orbax.readthedocs.io/en/latest/_modules/orbax/checkpoint/abstract_checkpoint_manager.html]
[orbax.readthedocs.io/en/latest/_modules/orbax/checkpoint/checkpoint_manager.html]
[orbax.readthedocs.io/en/latest/_modules/orbax/checkpoint/options.html]
[orbax.readthedocs.io/en/latest/_modules/orbax/checkpoint/abstract_checkpointer.html]
[orbax.readthedocs.io/en/latest/_modules/orbax/checkpoint/checkpointer.html]
[orbax.readthedocs.io/en/latest/_modules/orbax/checkpoint/async_checkpointer.html]
[orbax.readthedocs.io/en/latest/_modules/orbax/checkpoint/standard_checkpointer.html]
[orbax.readthedocs.io/en/latest/_modules/orbax/checkpoint/pytree_checkpointer.html]
[orbax.readthedocs.io/en/latest/_modules/orbax/checkpoint/checkpoint_handler.html]
[orbax.readthedocs.io/en/latest/_modules/orbax/checkpoint/async_checkpoint_handler.html]
[orbax.readthedocs.io/en/latest/_modules/orbax/checkpoint/standard_checkpoint_handler.html]
[orbax.readthedocs.io/en/latest/_modules/orbax/checkpoint/pytree_checkpoint_handler.html]
[orbax.readthedocs.io/en/latest/_modules/orbax/checkpoint/composite_checkpoint_handler.html]
[orbax.readthedocs.io/en/latest/_modules/orbax/checkpoint/json_checkpoint_handler.html]
[orbax.readthedocs.io/en/latest/_modules/orbax/checkpoint/array_checkpoint_handler.html]
[orbax.readthedocs.io/en/latest/_modules/orbax/checkpoint/proto_checkpoint_handler.html]
[orbax.readthedocs.io/en/latest/_modules/orbax/checkpoint/random_key_checkpoint_handler.html]
[orbax.readthedocs.io/en/latest/_modules/orbax/checkpoint/checkpoint_args.html]
[orbax.readthedocs.io/en/latest/_modules/orbax/checkpoint/type_handlers.html]
[orbax.readthedocs.io/en/latest/_modules/orbax/checkpoint/path/atomicity.html]
[orbax.readthedocs.io/en/latest/api_reference/api_reference/checkpoint.path.html]
[orbax.readthedocs.io/en/latest/_modules/orbax/checkpoint/path/step.html]
[orbax.readthedocs.io/en/latest/_modules/orbax/checkpoint/path/deleter.html]
[orbax.readthedocs.io/en/latest/_modules/orbax/checkpoint/checkpoint_utils.html]
[orbax.readthedocs.io/en/latest/_modules/orbax/checkpoint/path/utils.html]
[orbax.readthedocs.io/en/latest/_modules/orbax/checkpoint/utils.html]
[orbax.readthedocs.io/en/latest/_modules/orbax/checkpoint/transform_utils.html]
[orbax.readthedocs.io/en/latest/_modules/orbax/checkpoint/msgpack_utils.html]
[orbax.readthedocs.io/en/latest/_modules/orbax/checkpoint/multihost/utils.html]
[orbax.readthedocs.io/en/latest/_modules/orbax/checkpoint/tree/utils.html]
[orbax.readthedocs.io/en/latest/_modules/orbax/checkpoint/metadata/value.html]
[orbax.readthedocs.io/en/latest/_modules/orbax/checkpoint/metadata/sharding.html]
[orbax.readthedocs.io/en/latest/_modules/orbax/export/dtensor_utils.html]
[orbax.readthedocs.io/en/latest/_modules/orbax/export/export_manager.html]
[orbax.readthedocs.io/en/latest/_modules/orbax/export/export_manager_base.html]
[orbax.readthedocs.io/en/latest/_modules/orbax/export/jax_module.html]
[orbax.readthedocs.io/en/latest/_modules/orbax/export/serving_config.html]
[orbax.readthedocs.io/en/latest/_modules/orbax/export/utils.html]
[orbax.readthedocs.io/en/latest/_modules/orbax/export/validate/validation_manager.html]
[orbax.readthedocs.io/en/latest/_modules/orbax/export/validate/validation_report.html]
