[docs.kidger.site/equinox/index.html]
[docs.kidger.site/equinox/_static/favicon.png]
[backblue.gif]
[fade.gif]
[index.html]
[docs.kidger.site/equinox/assets/stylesheets/main.a57b2b03.min.css]
[docs.kidger.site/equinox/assets/stylesheets/palette.3f5d1f46.min.css]
[docs.kidger.site/equinox/assets/_mkdocstrings.css]
[docs.kidger.site/equinox/_static/custom_css.css]
[docs.kidger.site/equinox/css/ansi-colours.css]
[docs.kidger.site/equinox/css/pandas-dataframe.css]
[docs.kidger.site/equinox/assets/javascripts/bundle.b1047164.min.js]
[docs.kidger.site/equinox/all-of-equinox/index.html]
[docs.kidger.site/equinox/examples/train_rnn/index.html]
[docs.kidger.site/equinox/examples/mnist/index.html]
[docs.kidger.site/equinox/_static/mathjax.js]
[docs.kidger.site/equinox/index.html]
[docs.kidger.site/equinox/examples/score_based_diffusion/index.html]
[docs.kidger.site/equinox/examples/unet/index.html]
[docs.kidger.site/equinox/examples/vision_transformer/index.html]
[docs.kidger.site/equinox/examples/bert/index.html]
[docs.kidger.site/equinox/examples/mistral_7b/index.html]
[docs.kidger.site/equinox/examples/frozen_layer/index.html]
[docs.kidger.site/equinox/examples/init_apply/index.html]
[docs.kidger.site/equinox/assets/stylesheets/main.a57b2b03.min.css]
[docs.kidger.site/equinox/examples/stateful/index.html]
[docs.kidger.site/equinox/examples/serialisation/index.html]
[docs.kidger.site/equinox/examples/parallelism/index.html]
[docs.kidger.site/equinox/examples/deep_convolutional_gan/index.html]
[docs.kidger.site/equinox/assets/stylesheets/palette.3f5d1f46.min.css]
[docs.kidger.site/equinox/api/module/advanced_fields/index.html]
[docs.kidger.site/equinox/api/nn/linear/index.html]
[docs.kidger.site/equinox/api/module/module/index.html]
[docs.kidger.site/equinox/api/nn/conv/index.html]
[docs.kidger.site/equinox/assets/_mkdocstrings.css]
[docs.kidger.site/equinox/api/nn/rnn/index.html]
[docs.kidger.site/equinox/api/nn/attention/index.html]
[docs.kidger.site/equinox/api/nn/activations/index.html]
[docs.kidger.site/equinox/api/nn/pool/index.html]
[docs.kidger.site/equinox/_static/custom_css.css]
[docs.kidger.site/equinox/api/nn/dropout/index.html]
[docs.kidger.site/equinox/api/nn/normalisation/index.html]
[docs.kidger.site/equinox/api/nn/embedding/index.html]
[docs.kidger.site/equinox/api/nn/mlp/index.html]
[docs.kidger.site/equinox/css/ansi-colours.css]
[docs.kidger.site/equinox/api/nn/inference/index.html]
[docs.kidger.site/equinox/api/nn/shared/index.html]
[docs.kidger.site/equinox/api/nn/stateful/index.html]
[docs.kidger.site/equinox/api/nn/sequential/index.html]
[docs.kidger.site/equinox/css/jupyter-cells.css]
[docs.kidger.site/equinox/api/manipulation/index.html]
[docs.kidger.site/equinox/api/debug/index.html]
[docs.kidger.site/equinox/api/transformations/index.html]
[docs.kidger.site/equinox/css/pandas-dataframe.css]
[docs.kidger.site/equinox/api/enumerations/index.html]
[docs.kidger.site/equinox/api/errors/index.html]
[docs.kidger.site/equinox/api/pretty-printing/index.html]
[docs.kidger.site/equinox/all-of-equinox/index.html]
[docs.kidger.site/equinox/api/serialisation/index.html]
[docs.kidger.site/equinox/faq/index.html]
[docs.kidger.site/equinox/tricks/index.html]
[docs.kidger.site/equinox/api/caches/index.html]
[docs.kidger.site/equinox/examples/mnist/index.html]
[docs.kidger.site/equinox/examples/train_rnn/index.html]
[docs.kidger.site/equinox/imgs/score_based_diffusion_samples.png]
[docs.kidger.site/equinox/citation/index.html]
[docs.kidger.site/equinox/examples/score_based_diffusion/index.html]
[docs.kidger.site/equinox/examples/bert/index.html]
[docs.kidger.site/equinox/examples/unet/index.html]
[docs.kidger.site/equinox/examples/vision_transformer/index.html]
[docs.kidger.site/equinox/examples/deep_convolutional_gan/index.html]
[docs.kidger.site/equinox/examples/mistral_7b/index.html]
[docs.kidger.site/equinox/examples/frozen_layer/index.html]
[docs.kidger.site/equinox/examples/init_apply/index.html]
[docs.kidger.site/equinox/examples/stateful/index.html]
[docs.kidger.site/equinox/examples/parallelism/index.html]
[docs.kidger.site/equinox/examples/serialisation/index.html]
[docs.kidger.site/equinox/api/module/module/index.html]
[docs.kidger.site/equinox/api/module/advanced_fields/index.html]
[docs.kidger.site/equinox/api/nn/linear/index.html]
[docs.kidger.site/equinox/api/nn/conv/index.html]
[docs.kidger.site/equinox/api/nn/rnn/index.html]
[docs.kidger.site/equinox/api/nn/attention/index.html]
[docs.kidger.site/equinox/api/nn/activations/index.html]
[docs.kidger.site/equinox/api/nn/pool/index.html]
[docs.kidger.site/equinox/api/nn/dropout/index.html]
[docs.kidger.site/equinox/api/nn/normalisation/index.html]
[docs.kidger.site/equinox/api/nn/embedding/index.html]
[docs.kidger.site/equinox/api/nn/mlp/index.html]
[docs.kidger.site/equinox/api/nn/sequential/index.html]
[docs.kidger.site/equinox/api/nn/inference/index.html]
[docs.kidger.site/equinox/api/nn/shared/index.html]
[docs.kidger.site/equinox/api/nn/stateful/index.html]
[docs.kidger.site/equinox/api/transformations/index.html]
[docs.kidger.site/equinox/api/manipulation/index.html]
[docs.kidger.site/equinox/api/caches/index.html]
[docs.kidger.site/equinox/api/debug/index.html]
[docs.kidger.site/equinox/api/enumerations/index.html]
[docs.kidger.site/equinox/api/errors/index.html]
[docs.kidger.site/equinox/api/pretty-printing/index.html]
[docs.kidger.site/equinox/api/serialisation/index.html]
[docs.kidger.site/equinox/faq/index.html]
[docs.kidger.site/equinox/tricks/index.html]
[docs.kidger.site/equinox/citation/index.html]
